
> build
> remix vite:build

[36mvite v6.4.1 [32mbuilding for production...[36m[39m
transforming...
[32mΓ£ô[39m 98 modules transformed.
node.exe : 
[31mΓ£ù[39m Build 
failed in 909ms
At C:\Program Files\no
dejs\npm.ps1:29 char:3
+   & $NODE_EXE 
$NPM_CLI_JS $args
+   ~~~~~~~~~~~~~~~~~~
~~~~~~~~~~~
    + CategoryInfo    
          : NotSpeci  
  fied: ([31mΓ£ù[   
 39m Build failed     
in 909ms:String)     
[], RemoteExcepti    
on
    + FullyQualifiedE 
   rrorId : NativeCo  
  mmandError
 
[31m[commonjs--resolv
er] [31mServer-only 
module referenced by 
client[31m

    
'../shopify.server' 
imported by route 'app
/routes/app.pricing.ts
x'

  Remix automatically 
removes server-code 
from these exports:
    `loader`, 
`action`, `headers`

  But other route 
exports in 'app/routes
/app.pricing.tsx' 
depend on 
'../shopify.server'.

  See https://remix.ru
n/docs/en/main/guides/
vite#splitting-up-clie
nt-and-server-code
[39m
    at 
Object.resolveId (C:\U
sers\DUNG\Desktop\Geol
ocation-pro-app\node_m
odules\@remix-run\dev\
dist\vite\plugin.js:98
2:15)
    at PluginDriver.ho
okFirstAndGetPlugin (f
ile:///C:/Users/DUNG/D
esktop/Geolocation-pro
-app/node_modules/roll
up/dist/es/shared/node
-entry.js:22453:28)
    at resolveId (file
:///C:/Users/DUNG/Desk
top/Geolocation-pro-ap
p/node_modules/rollup/
dist/es/shared/node-en
try.js:20929:26)
    at ModuleLoader.re
solveId (file:///C:/Us
ers/DUNG/Desktop/Geolo
cation-pro-app/node_mo
dules/rollup/dist/es/s
hared/node-entry.js:21
366:15)
    at 
Object.resolveId (file
:///C:/Users/DUNG/Desk
top/Geolocation-pro-ap
p/node_modules/vite/di
st/node/chunks/dep-D4N
MHUTW.js:2835:10)
    at PluginDriver.ho
okFirstAndGetPlugin (f
ile:///C:/Users/DUNG/D
esktop/Geolocation-pro
-app/node_modules/roll
up/dist/es/shared/node
-entry.js:22453:28)
    at resolveId (file
:///C:/Users/DUNG/Desk
top/Geolocation-pro-ap
p/node_modules/rollup/
dist/es/shared/node-en
try.js:20929:26)
    at ModuleLoader.re
solveId (file:///C:/Us
ers/DUNG/Desktop/Geolo
cation-pro-app/node_mo
dules/rollup/dist/es/s
hared/node-entry.js:21
366:15)
    at file:///C:/User
s/DUNG/Desktop/Geoloca
tion-pro-app/node_modu
les/rollup/dist/es/sha
red/node-entry.js:2167
0:50 {
  code: 
'PLUGIN_ERROR',
  plugin: 
'commonjs--resolver',
  hook: 'resolveId',
  watchFiles: [
    'C:/Users/DUNG/Des
ktop/Geolocation-pro-a
pp/app/root.tsx',
    'C:/Users/DUNG/Des
ktop/Geolocation-pro-a
pp/node_modules/@remix
-run/dev/dist/config/d
efaults/entry.client.t
sx',
    'C:/Users/DUNG/Des
ktop/Geolocation-pro-a
pp/app/routes/webhooks
.app.scopes_update.tsx
',
    'C:/Users/DUNG/Des
ktop/Geolocation-pro-a
pp/app/routes/webhooks
.app.uninstalled.tsx',
    'C:/Users/DUNG/Des
ktop/Geolocation-pro-a
pp/app/routes/api.geol
ocation.tsx',
    'C:/Users/DUNG/Des
ktop/Geolocation-pro-a
pp/app/routes/proxy.an
alytics.tsx',
    'C:/Users/DUNG/Des
ktop/Geolocation-pro-a
pp/app/routes/proxy.co
nfig.tsx',
    'C:/Users/DUNG/Des
ktop/Geolocation-pro-a
pp/app/routes/auth.log
in/route.tsx',
    'C:/Users/DUNG/Des
ktop/Geolocation-pro-a
pp/app/routes/auth.$.t
sx',
    'C:/Users/DUNG/Des
ktop/Geolocation-pro-a
pp/app/routes/_index/r
oute.tsx',
    'C:/Users/DUNG/Des
ktop/Geolocation-pro-a
pp/app/routes/app.tsx'
,
    'C:/Users/DUNG/Des
ktop/Geolocation-pro-a
pp/app/routes/app.addi
tional.tsx',
    'C:/Users/DUNG/Des
ktop/Geolocation-pro-a
pp/app/routes/app.sett
ings.tsx',
    'C:/Users/DUNG/Des
ktop/Geolocation-pro-a
pp/app/routes/app.pric
ing.tsx',
    'C:/Users/DUNG/Des
ktop/Geolocation-pro-a
pp/app/routes/app._ind
ex.tsx',
    'C:/Users/DUNG/Des
ktop/Geolocation-pro-a
pp/app/routes/app.rule
s.tsx',
    'C:/Users/DUNG/Des
ktop/Geolocation-pro-a
pp/node_modules/@remix
-run/react/dist/esm/in
dex.js',
    'C:/Users/DUNG/Des
ktop/Geolocation-pro-a
pp/node_modules/react/
index.js',
    'C:/Users/DUNG/Des
ktop/Geolocation-pro-a
pp/node_modules/react/
jsx-runtime.js',
    'C:/Users/DUNG/Des
ktop/Geolocation-pro-a
pp/node_modules/react-
dom/client.js',
    'C:/Users/DUNG/Des
ktop/Geolocation-pro-a
pp/node_modules/@remix
-run/react/dist/esm/br
owser.js',
    'C:/Users/DUNG/Des
ktop/Geolocation-pro-a
pp/node_modules/@remix
-run/react/dist/esm/co
mponents.js',
    'C:/Users/DUNG/Des
ktop/Geolocation-pro-a
pp/node_modules/@remix
-run/react/dist/esm/sc
roll-restoration.js',
    'C:/Users/DUNG/Des
ktop/Geolocation-pro-a
pp/node_modules/@remix
-run/react/dist/esm/se
rver.js',
    'C:/Users/DUNG/Des
ktop/Geolocation-pro-a
pp/node_modules/react-
router-dom/dist/index.
js',
    'C:/Users/DUNG/Des
ktop/Geolocation-pro-a
pp/node_modules/@remix
-run/server-runtime/di
st/esm/index.js',
    'C:/Users/DUNG/Des
ktop/Geolocation-pro-a
pp/node_modules/react/
cjs/react-jsx-runtime.
production.min.js',
    'C:/Users/DUNG/Des
ktop/Geolocation-pro-a
pp/node_modules/react/
cjs/react.production.m
in.js',
    'C:/Users/DUNG/Des
ktop/Geolocation-pro-a
pp/node_modules/react-
dom/index.js',
    'C:/Users/DUNG/Des
ktop/Geolocation-pro-a
pp/node_modules/@remix
-run/react/dist/esm/_v
irtual/_rollupPluginBa
belHelpers.js',
    'C:/Users/DUNG/Des
ktop/Geolocation-pro-a
pp/node_modules/@remix
-run/react/dist/esm/ro
utes.js',
    'C:/Users/DUNG/Des
ktop/Geolocation-pro-a
pp/node_modules/@remix
-run/react/dist/esm/er
rorBoundaries.js',
    'C:/Users/DUNG/Des
ktop/Geolocation-pro-a
pp/node_modules/react-
router-dom/server.mjs'
,
    'C:/Users/DUNG/Des
ktop/Geolocation-pro-a
pp/node_modules/@remix
-run/server-runtime/di
st/esm/cookies.js',
    'C:/Users/DUNG/Des
ktop/Geolocation-pro-a
pp/node_modules/@remix
-run/server-runtime/di
st/esm/formData.js',
    'C:/Users/DUNG/Des
ktop/Geolocation-pro-a
pp/node_modules/@remix
-run/react/dist/esm/si
ngle-fetch.js',
    'C:/Users/DUNG/Des
ktop/Geolocation-pro-a
pp/node_modules/@remix
-run/server-runtime/di
st/esm/responses.js',
    'C:/Users/DUNG/Des
ktop/Geolocation-pro-a
pp/node_modules/@remix
-run/server-runtime/di
st/esm/server.js',
    'C:/Users/DUNG/Des
ktop/Geolocation-pro-a
pp/node_modules/@remix
-run/server-runtime/di
st/esm/single-fetch.js
',
    'C:/Users/DUNG/Des
ktop/Geolocation-pro-a
pp/node_modules/@remix
-run/server-runtime/di
st/esm/sessions.js',
    'C:/Users/DUNG/Des
ktop/Geolocation-pro-a
pp/node_modules/@remix
-run/server-runtime/di
st/esm/sessions/cookie
Storage.js',
    'C:/Users/DUNG/Des
ktop/Geolocation-pro-a
pp/node_modules/@remix
-run/server-runtime/di
st/esm/sessions/memory
Storage.js',
    'C:/Users/DUNG/Des
ktop/Geolocation-pro-a
pp/node_modules/@remix
-run/server-runtime/di
st/esm/upload/memoryUp
loadHandler.js',
    'C:/Users/DUNG/Des
ktop/Geolocation-pro-a
pp/node_modules/@remix
-run/server-runtime/di
st/esm/upload/errors.j
s',
    'C:/Users/DUNG/Des
ktop/Geolocation-pro-a
pp/node_modules/@remix
-run/server-runtime/di
st/esm/dev.js',
    'C:/Users/DUNG/Des
ktop/Geolocation-pro-a
pp/node_modules/react-
dom/cjs/react-dom.prod
uction.min.js',
    'C:/Users/DUNG/Des
ktop/Geolocation-pro-a
pp/node_modules/@remix
-run/react/dist/esm/er
rors.js',
    'C:/Users/DUNG/Des
ktop/Geolocation-pro-a
pp/node_modules/@remix
-run/react/dist/esm/in
variant.js',
    'C:/Users/DUNG/Des
ktop/Geolocation-pro-a
pp/node_modules/@remix
-run/router/dist/route
r.js',
    'C:/Users/DUNG/Des
ktop/Geolocation-pro-a
pp/node_modules/@remix
-run/react/dist/esm/fo
g-of-war.js',
    'C:/Users/DUNG/Des
ktop/Geolocation-pro-a
pp/node_modules/react-
router/dist/index.js',
    'C:/Users/DUNG/Des
ktop/Geolocation-pro-a
pp/node_modules/@remix
-run/react/dist/esm/li
nks.js',
    'C:/Users/DUNG/Des
ktop/Geolocation-pro-a
pp/node_modules/@remix
-run/react/dist/esm/ma
rkup.js',
    'C:\\Users\\DUNG\\
Desktop\\Geolocation-p
ro-app\\package.json',
    'C:/Users/DUNG/Des
ktop/Geolocation-pro-a
pp/node_modules/@remix
-run/react/dist/esm/ro
uteModules.js',
    'C:/Users/DUNG/Des
ktop/Geolocation-pro-a
pp/node_modules/@remix
-run/react/dist/esm/da
ta.js',
    'C:/Users/DUNG/Des
ktop/Geolocation-pro-a
pp/node_modules/@remix
-run/react/dist/esm/fa
llback.js',
    'C:/Users/DUNG/Des
ktop/Geolocation-pro-a
pp/node_modules/@remix
-run/server-runtime/di
st/esm/warnings.js',
    'C:/Users/DUNG/Des
ktop/Geolocation-pro-a
pp/node_modules/cookie
/index.js',
    'C:/Users/DUNG/Des
ktop/Geolocation-pro-a
pp/node_modules/@web3-
storage/multipart-pars
er/esm/src/index.js',
    'C:/Users/DUNG/Des
ktop/Geolocation-pro-a
pp/node_modules/turbo-
stream/dist/turbo-stre
am.mjs',
    'C:/Users/DUNG/Des
ktop/Geolocation-pro-a
pp/node_modules/@remix
-run/server-runtime/di
st/esm/errors.js',
    'C:/Users/DUNG/Des
ktop/Geolocation-pro-a
pp/node_modules/@remix
-run/server-runtime/di
st/esm/entry.js',
    'C:/Users/DUNG/Des
ktop/Geolocation-pro-a
pp/node_modules/@remix
-run/server-runtime/di
st/esm/headers.js',
    'C:/Users/DUNG/Des
ktop/Geolocation-pro-a
pp/node_modules/@remix
-run/server-runtime/di
st/esm/invariant.js',
    'C:/Users/DUNG/Des
ktop/Geolocation-pro-a
pp/node_modules/@remix
-run/server-runtime/di
st/esm/mode.js',
    'C:/Users/DUNG/Des
ktop/Geolocation-pro-a
pp/node_modules/@remix
-run/server-runtime/di
st/esm/routeMatching.j
s',
    'C:/Users/DUNG/Des
ktop/Geolocation-pro-a
pp/node_modules/@remix
-run/server-runtime/di
st/esm/routes.js',
    'C:/Users/DUNG/Des
ktop/Geolocation-pro-a
pp/node_modules/@remix
-run/server-runtime/di
st/esm/serverHandoff.j
s',
    'C:/Users/DUNG/Des
ktop/Geolocation-pro-a
pp/node_modules/@remix
-run/server-runtime/di
st/esm/deprecations.js
',
    'C:/Users/DUNG/Des
ktop/Geolocation-pro-a
pp/node_modules/schedu
ler/index.js',
    'C:/Users/DUNG/Des
ktop/Geolocation-pro-a
pp/node_modules/@web3-
storage/multipart-pars
er/esm/src/search.js',
    'C:/Users/DUNG/Des
ktop/Geolocation-pro-a
pp/node_modules/@web3-
storage/multipart-pars
er/esm/src/utils.js',
    'C:/Users/DUNG/Des
ktop/Geolocation-pro-a
pp/node_modules/set-co
okie-parser/lib/set-co
okie.js',
    'C:/Users/DUNG/Des
ktop/Geolocation-pro-a
pp/node_modules/@remix
-run/server-runtime/di
st/esm/data.js',
    'C:/Users/DUNG/Des
ktop/Geolocation-pro-a
pp/node_modules/@remix
-run/server-runtime/di
st/esm/markup.js',
    'C:/Users/DUNG/Des
ktop/Geolocation-pro-a
pp/node_modules/schedu
ler/cjs/scheduler.prod
uction.min.js'
  ]
}
